<!--
*================================================================
*                      Mapping Information                       
*           Maya Heat Transfer Technologies Ltd, 514-369-5706    
*
*        INPUT FILE: mapdata.xml
*        CREATED ON: Sat May  3 13:43:51 2025
*          SIM FILE: C:\Users\tbeau\OneDrive\Documents\Universite\BAC3\Mécanique des Fluides\Projet Simu\MecaFlu-MECA0025\Etude Principale\1_Etude numerique\Etude de convergence\etude_convergence_fem_sim1.sim
*          FEM FILE: C:\Users\tbeau\OneDrive\Documents\Universite\BAC3\Mécanique des Fluides\Projet Simu\MecaFlu-MECA0025\Etude Principale\1_Etude numerique\Etude de convergence\etude_convergence_fem.fem
*
*=============================================================== 
-->
<SolutionFile version="NX 2406"
  solver="Simcenter 3D Thermal/Flow"
  class="Flow"
  solution="Flow"
  simulationName="etude_convergence_fem_sim1"
  solutionName="Solution 1">
  <Units>
    <System>Millimeters</System>
    <LengthConversionFactor>  1.0000000E+03</LengthConversionFactor>
    <ForceConversionFactor>  1.0000000E+03</ForceConversionFactor>
    <TemperatureConversionFactor>  1.0000000E+00</TemperatureConversionFactor>
    <AbsoluteTemperatureShift> -2.7315000E+02</AbsoluteTemperatureShift>
  </Units>
  <NXBaseModelUnits>
    <System>Millimeters</System>
    <LengthConversionFactor>  1.0000000E+03</LengthConversionFactor>
    <ForceConversionFactor>  1.0000000E+03</ForceConversionFactor>
    <TemperatureConversionFactor>  1.0000000E+00</TemperatureConversionFactor>
    <AbsoluteTemperatureShift> -2.7315000E+02</AbsoluteTemperatureShift>
  </NXBaseModelUnits>
  <SolutionParameters>
    <Details>
      <Property name="Description">
        <Value></Value>
      </Property>
      <Property name="Run Directory Options">
        <Value>2</Value>
      </Property>
      <Property name="Run Directory Location">
        <Value></Value>
      </Property>
      <Property name="Turbulence Model">
        <Value>0</Value>
      </Property>
      <Property name="Wall Distance Calculation Method">
        <Value>0</Value>
      </Property>
      <Property name="Buoyancy">
        <Value>0</Value>
      </Property>
      <Property name="High Resolution of Flow Features">
        <Value>0</Value>
      </Property>
      <Property name="Values Outside Time-dependent Tables">
        <Value>0</Value>
      </Property>
      <Property name="Solution Type">
        <Value>0</Value>
      </Property>
      <Property name="Run Solution in Parallel">
        <Value>0</Value>
      </Property>
      <Property name="Parallel Configuration File">
        <Value></Value>
      </Property>
      <Property name="Invalid Material Properties Check">
        <Value>1</Value>
      </Property>
    </Details>
    <AmbientConditions>
      <Property name="Altitude Value">
        <Value>  0.0000000E+00</Value>
      </Property>
      <Property name="Ambient Pressure">
        <Value>0</Value>
      </Property>
      <Property name="Absolute Pressure">
        <Value>  1.0135100E+02</Value>
      </Property>
      <Property name="Fluid Temperature">
        <Value>  2.0000000E+01</Value>
      </Property>
      <Property name="Gravitational Acceleration">
        <Value>  9.8100000E+03</Value>
      </Property>
      <Property name="Gravity Direction">
        <Value>  0.0000000E+00     0.0000000E+00    -1.0000000E+00</Value>
      </Property>
    </AmbientConditions>
    <InitialConditions>
      <Property name="Initial Conditions">
        <Value>0</Value>
      </Property>
      <Property name="X Velocity">
        <Value>  0.0000000E+00</Value>
      </Property>
      <Property name="Y Velocity">
        <Value>  0.0000000E+00</Value>
      </Property>
      <Property name="Z Velocity">
        <Value>  0.0000000E+00</Value>
      </Property>
      <Property name="Initial Conditions Pressure">
        <Value>  1.0135100E+02</Value>
      </Property>
      <Property name="Initial Conditions Fluid Temperature">
        <Value>  2.0000000E+01</Value>
      </Property>
      <Property name="Turbulence Characteristics Modeling Object">
        <Value>-1</Value>
      </Property>
      <Property name="Initial Conditions Results Directory">
        <Value></Value>
      </Property>
      <Property name="Results to Use for Initial Conditions">
        <Value>0</Value>
      </Property>
      <Property name="Initial Conditions Use Results at Time">
        <Value>  0.0000000E+00</Value>
      </Property>
    </InitialConditions>
    <Restart>
      <Property name="Perform Restart">
        <Value>0</Value>
      </Property>
      <Property name="Restart Files Location">
        <Value>0</Value>
      </Property>
      <Property name="Restart Directory">
        <Value></Value>
      </Property>
      <Property name="Create Backup Files">
        <Value>0</Value>
      </Property>
      <Property name="Number of Iterations">
        <Value>25</Value>
      </Property>
      <Property name="Update Backup Files with Stopped or Completed Solution">
        <Value>0</Value>
      </Property>
    </Restart>
    <Flow3D>
      <Property name="Non-fluid 2D and 3D Elements Block Flow">
        <Value>1</Value>
      </Property>
      <Property name="Wall Treatment">
        <Value>0</Value>
      </Property>
      <Property name="Default Wall Friction">
        <Value>0</Value>
      </Property>
      <Property name="Height">
        <Value>  0.0000000E+00</Value>
      </Property>
      <Property name="Default Convection Properties">
        <Value>-1</Value>
      </Property>
      <Property name="Reference Temperature for Bulk Heat Transfer Coefficient">
        <Value>0</Value>
      </Property>
      <Property name="Reference Temperature">
        <Value>  0.0000000E+00</Value>
      </Property>
      <Property name="Length Scales">
        <Value>0</Value>
      </Property>
      <Property name="Characteristic Length Scale">
        <Value>  0.0000000E+00</Value>
      </Property>
      <Property name="Mean Flow Velocity Scale">
        <Value>  0.0000000E+00</Value>
      </Property>
    </Flow3D>
    <TransientSetup>
      <Property name="Start Time">
        <Value>  0.0000000E+00</Value>
      </Property>
      <Property name="End Time">
        <Value>  5.0000000E+02</Value>
      </Property>
      <Property name="Flow Time Step Method">
        <Value>0</Value>
      </Property>
      <Property name="Flow Number of Steps">
        <Value>100</Value>
      </Property>
      <Property name="Flow Time Step">
        <Value>  1.0000000E+00</Value>
      </Property>
      <Property name="Flow Time Step vs. Time Table">
        <Value>  0.0000000E+00</Value>
      </Property>
      <Property name="Flow Results Type">
        <Value>1</Value>
      </Property>
      <Property name="Flow Time Interval">
        <Value>  1.0000000E+00</Value>
      </Property>
      <Property name="Flow Number of Results">
        <Value>10</Value>
      </Property>
      <Property name="Flow Output Times" type="arrayFloat">
      </Property>
      <Property name="Flow Output Time Variation">
        <Value>  0.0000000E+00</Value>
      </Property>
    </TransientSetup>
    <ResultsOptions>
      <Property name="Flow Temperatures">
        <Value>1</Value>
      </Property>
      <Property name="Velocities">
        <Value>1</Value>
      </Property>
      <Property name="Velocities Adjusted">
        <Value>1</Value>
      </Property>
      <Property name="Vorticity">
        <Value>1</Value>
      </Property>
      <Property name="Pressures">
        <Value>1</Value>
      </Property>
      <Property name="Local and Bulk Convection Coefficients">
        <Value>1</Value>
      </Property>
      <Property name="K-Epsilon Turbulence">
        <Value>1</Value>
      </Property>
      <Property name="Fluid Densities">
        <Value>1</Value>
      </Property>
      <Property name="Shear Stresses">
        <Value>1</Value>
      </Property>
      <Property name="Roughness">
        <Value>1</Value>
      </Property>
      <Property name="Y+">
        <Value>1</Value>
      </Property>
      <Property name="Surface Pressure">
        <Value>1</Value>
      </Property>
      <Property name="Mass Fluxes">
        <Value>1</Value>
      </Property>
      <Property name="Convective Fluxes">
        <Value>1</Value>
      </Property>
      <Property name="Pressure and Shear Resultants">
        <Value>1</Value>
      </Property>
      <Property name="Flow Residuals">
        <Value>1</Value>
      </Property>
      <Property name="Tecplot">
        <Value>0</Value>
      </Property>
      <Property name="CGNS">
        <Value>0</Value>
      </Property>
      <Property name="Transient Results">
        <Value>0</Value>
      </Property>
      <Property name="ParaView">
        <Value>0</Value>
      </Property>
    </ResultsOptions>
  </SolutionParameters>
  <ConvectionPropertyList>
  </ConvectionPropertyList>
  <ExternalConditionsList>
  </ExternalConditionsList>
  <FlowConvergencePressureList>
  </FlowConvergencePressureList>
  <FlowConvergenceTemperatureList>
  </FlowConvergenceTemperatureList>
  <FlowConvergenceEnthalpyList>
  </FlowConvergenceEnthalpyList>
  <FlowConvergenceUVelocityList>
  </FlowConvergenceUVelocityList>
  <FlowConvergenceVVelocityList>
  </FlowConvergenceVVelocityList>
  <FlowConvergenceVelocityMagnitudeList>
  </FlowConvergenceVelocityMagnitudeList>
  <FlowConvergenceViscosityList>
  </FlowConvergenceViscosityList>
  <FlowConvergenceWVelocityList>
  </FlowConvergenceWVelocityList>
  <HeadLossList>
  </HeadLossList>
  <ThermostatList>
  </ThermostatList>
  <TurbulenceCharacteristicsList>
  </TurbulenceCharacteristicsList>
  <Constraints>
    <MappingList>
    </MappingList>
  </Constraints>
  <SimulationObjects>
  </SimulationObjects>
</SolutionFile>
